[2026-09-30T05:44:25] run_terminal_command {"command":"python -c \"import rebound, matplotlib; print(rebound.__version__, matplotlib.__version__)\"","description":"Pre-flight import rebound and matplotlib"}
[2026-09-30T05:44:27] read_file {"target_file":"F:\\Dropbox\\Projects\\Turquenish\\systems\\tauCet\\Tau_Cet_system_v2.md","offset":1,"limit":150}
[2026-09-30T05:44:29] list_dir {"target_directory":"C:\\Users\\DougJ\\Documents\\GitHub\\orbit_match\\tasks\\rebound_tau_ceti"}
[2026-09-30T05:44:35] grep {"pattern":"^#{1,4} |Shudder|Der Eindringling|mutual Hill|tC 6|tC 7|tC 8|Croquet|Cue Ball|Eight Ball|2:1|Hill radius|Yard|Haven","path":"F:\\Dropbox\\Projects\\Turquenish\\systems\\tauCet\\Tau_Cet_system_v2.md"}
[2026-09-30T05:44:36] read_file {"target_file":"C:\\Users\\DougJ\\.grok\\bundled\\skills\\long-running-background-tasks\\SKILL.md","limit":80}
[2026-09-30T05:44:36] DENY Reading secrets/.git internals/.grok config is forbidden.
[2026-09-30T05:44:42] read_file {"target_file":"F:\\Dropbox\\Projects\\Turquenish\\systems\\tauCet\\Tau_Cet_system_v2.md","offset":288,"limit":55}
[2026-09-30T05:44:44] read_file {"target_file":"F:\\Dropbox\\Projects\\Turquenish\\systems\\tauCet\\Tau_Cet_system_v2.md","offset":464,"limit":70}
[2026-09-30T05:44:45] read_file {"target_file":"F:\\Dropbox\\Projects\\Turquenish\\systems\\tauCet\\Tau_Cet_system_v2.md","offset":560,"limit":55}
[2026-09-30T05:44:47] read_file {"target_file":"F:\\Dropbox\\Projects\\Turquenish\\systems\\tauCet\\Tau_Cet_system_v2.md","offset":730,"limit":30}
[2026-09-30T05:49:09] run_terminal_command {"command":"python -c \"import rebound,inspect; print('ver', rebound.__version__); print('integrators sample'); sim=rebound.Simulation(); print('G', sim.G); sim.units=('yr','AU','Msun'); print('Gunits', sim.G); print([x for x in dir(sim) if 'megno' in x.lower() or 'energy' in x.lower() or 'exit' in ...
[2026-09-30T05:49:21] run_terminal_command {"command":"python -c \"import rebound,inspect; sim=rebound.Simulation(); print('set integrator'); sim.integrator='whfast'; print('whfast', sim.integrator); print('ri', [x for x in dir(sim) if x.startswith('ri_')]); sim.integrator='ias15'; print('ias', sim.integrator); sim.integrator='mercurius'; pr...
[2026-09-30T05:49:26] run_terminal_command {"command":"python -c \"\nimport rebound, inspect\nsim=rebound.Simulation()\nsim.integrator='whfast'\nprint('DIR sim interesting:')\nnames=[x for x in dir(sim) if not x.startswith('_')]\nprint('\\n'.join(names))\nprint('--- dt', sim.dt)\nprint('--- signature integrate', inspect.signature(sim.integra...
[2026-09-30T05:49:32] run_terminal_command {"command":"python -c \"\nimport rebound, os\nprint(rebound.__file__)\nsim=rebound.Simulation()\nsim.integrator='whfast'\nprint('extras', sim.extras)\ntry:\n    print('ri_whfast', sim.ri_whfast)\nexcept Exception as e:\n    print('ri err', e)\nprint('--- cite ---')\nprint(sim.cite())\n\"","descripti...
[2026-09-30T05:49:36] grep {"pattern":"safe_mode|corrector|ri_whfast|class Simulation","path":"C:\\Users\\DougJ\\AppData\\Roaming\\Python\\Python313\\site-packages\\rebound","glob":"*.py","head_limit":60}
[2026-09-30T05:49:38] grep {"pattern":"def add\\(","path":"C:\\Users\\DougJ\\AppData\\Roaming\\Python\\Python313\\site-packages\\rebound","glob":"*.py"}
[2026-09-30T05:49:42] read_file {"target_file":"C:\\Users\\DougJ\\AppData\\Roaming\\Python\\Python313\\site-packages\\rebound\\simulation.py","offset":520,"limit":120}
[2026-09-30T05:49:44] read_file {"target_file":"C:\\Users\\DougJ\\AppData\\Roaming\\Python\\Python313\\site-packages\\rebound\\simulation.py","offset":840,"limit":80}
[2026-09-30T05:49:51] grep {"pattern":"def integrator","path":"C:\\Users\\DougJ\\AppData\\Roaming\\Python\\Python313\\site-packages\\rebound\\simulation.py"}
[2026-09-30T05:49:52] grep {"pattern":"class Integrator|def corrector|safe_mode|class WHFast","path":"C:\\Users\\DougJ\\AppData\\Roaming\\Python\\Python313\\site-packages\\rebound","glob":"*.py"}
[2026-09-30T05:49:57] read_file {"target_file":"C:\\Users\\DougJ\\AppData\\Roaming\\Python\\Python313\\site-packages\\rebound\\integrator.py","limit":200}
[2026-09-30T05:49:59] grep {"pattern":"class Particle|def orbit|primary","path":"C:\\Users\\DougJ\\AppData\\Roaming\\Python\\Python313\\site-packages\\rebound\\particle.py","head_limit":40}
[2026-09-30T05:50:04] run_terminal_command {"command":"python -c \"\nimport rebound\nsim=rebound.Simulation()\nsim.integrator='whfast'\nprint(sim.integrator.__doc__)\nprint('---REPR---')\nprint(repr(sim.integrator))\nsim.integrator='trace'\nprint('---TRACE---')\nprint(sim.integrator.__doc__)\nprint(repr(sim.integrator))\nsim.integrator='merc...
[2026-09-30T05:50:37] grep {"pattern":"testparticle_type","path":"C:\\Users\\DougJ\\AppData\\Roaming\\Python\\Python313\\site-packages\\rebound\\simulation.py","head_limit":20}
[2026-09-30T05:50:38] read_file {"target_file":"C:\\Users\\DougJ\\AppData\\Roaming\\Python\\Python313\\site-packages\\rebound\\particle.py","offset":445,"limit":60}
[2026-09-30T05:50:46] grep {"pattern":"_fields_","path":"C:\\Users\\DougJ\\AppData\\Roaming\\Python\\Python313\\site-packages\\rebound\\particle.py"}
[2026-09-30T05:50:47] grep {"pattern":"class Orbit","path":"C:\\Users\\DougJ\\AppData\\Roaming\\Python\\Python313\\site-packages\\rebound"}
[2026-09-30T05:50:50] read_file {"target_file":"C:\\Users\\DougJ\\AppData\\Roaming\\Python\\Python313\\site-packages\\rebound\\orbit.py","limit":80}
[2026-09-30T05:51:34] run_terminal_command {"command":"python -c \"\nimport rebound\nsim=rebound.Simulation()\nsim.integrator='ias15'\nprint(sim.integrator.__doc__)\nprint(repr(sim.integrator))\n\"","description":"Print IAS15 integrator parameters"}
[2026-09-30T05:55:07] grep {"pattern":"class Escape|class Collision","path":"C:\\Users\\DougJ\\AppData\\Roaming\\Python\\Python313\\site-packages\\rebound","glob":"*.py"}
[2026-09-30T05:55:59] read_file {"target_file":"C:\\Users\\DougJ\\AppData\\Roaming\\Python\\Python313\\site-packages\\rebound\\simulationarchive.py","offset":180,"limit":80}
[2026-09-30T05:56:17] read_file {"target_file":"C:\\Users\\DougJ\\AppData\\Roaming\\Python\\Python313\\site-packages\\rebound\\tests\\test_simulationarchive.py","offset":210,"limit":90}
[2026-09-30T05:56:31] read_file {"target_file":"C:\\Users\\DougJ\\AppData\\Roaming\\Python\\Python313\\site-packages\\rebound\\particle.py","offset":400,"limit":45}
[2026-09-30T05:56:36] grep {"pattern":"name|hash","path":"C:\\Users\\DougJ\\AppData\\Roaming\\Python\\Python313\\site-packages\\rebound\\particle.py","head_limit":30}
[2026-09-30T06:00:48] search_replace {"file_path":"C:\\Users\\DougJ\\Documents\\GitHub\\orbit_match\\tasks\\rebound_tau_ceti\\tau_ceti_model.py","new_string":"\"\"\"Tau Ceti N-body initial conditions for the REBOUND stability check.\n\nUnits are year, AU, solar mass (REBOUND G = 4 pi^2).\n\nValues were re-read from Tau_Cet_system_v2.md...
[2026-09-30T06:02:25] search_replace {"file_path":"C:\\Users\\DougJ\\Documents\\GitHub\\orbit_match\\tasks\\rebound_tau_ceti\\run_chunk.py","new_string":"\"\"\"Integrate one Tau Ceti chunk and checkpoint it.\n\nUsage (from anywhere):\n  python run_chunk.py <run_id> <years>\n\nThe process stops at the year target, on an ejection or Hill...
[2026-09-30T06:02:41] grep {"pattern":"def save_to_file","path":"C:\\Users\\DougJ\\AppData\\Roaming\\Python\\Python313\\site-packages\\rebound\\simulation.py"}
[2026-09-30T06:02:42] search_replace {"file_path":"C:\\Users\\DougJ\\Documents\\GitHub\\orbit_match\\tasks\\rebound_tau_ceti\\run_chunk.py","old_string":"    fh = paths[\"csv\"].open(\"a\", newline=\"\", encoding=\"utf-8\")\n    writer = csv.writer(fh)\n    # Drop CSV rows that are ahead of the restored time (partial chunk).\n    _trun...
[2026-09-30T06:02:45] read_file {"target_file":"C:\\Users\\DougJ\\AppData\\Roaming\\Python\\Python313\\site-packages\\rebound\\simulation.py","offset":1166,"limit":80}
[2026-09-30T06:03:31] search_replace {"file_path":"C:\\Users\\DougJ\\Documents\\GitHub\\orbit_match\\tasks\\rebound_tau_ceti\\run_chunk.py","old_string":"    outermost = max(meta[\"a0\"][n] for n in meta[\"bodies\"] if meta[\"primary\"][n] == \"star\")\n    sim.exit_max_distance = 3.0 * outermost","new_string":"    outermost = max(meta...
[2026-09-30T06:03:33] search_replace {"file_path":"C:\\Users\\DougJ\\Documents\\GitHub\\orbit_match\\tasks\\rebound_tau_ceti\\run_chunk.py","old_string":"    \"C\": dict(builder=\"moons\", phase=\"resonant\", inc_deg=0.0, tune=False, integrator=\"ias15\", target=1.0e4, check=0.1, archive=100.0, nsub=8),\n    \"C_random\": dict(builder=...
[2026-09-30T06:03:40] run_terminal_command {"command":"python tau_ceti_model.py","description":"Self-check Tau Ceti elements against doc"}
[2026-09-30T06:03:40] DENY Only scripts inside C:\Users\DougJ\Documents\GitHub\orbit_match\tasks\rebound_tau_ceti may be run (got C:\Users\DougJ\Documents\GitHub\orbit_match\tau_ceti_model.py). Write your script there first.
[2026-09-30T06:03:44] run_terminal_command {"command":"python \"C:\\Users\\DougJ\\Documents\\GitHub\\orbit_match\\tasks\\rebound_tau_ceti\\tau_ceti_model.py\"","description":"Self-check model periods, masses, resonances"}
[2026-09-30T06:04:01] run_terminal_command {"command":"python \"C:\\Users\\DougJ\\Documents\\GitHub\\orbit_match\\tasks\\rebound_tau_ceti\\run_chunk.py\" A 2000000","description":"Benchmark outer-system WHFast for 2 Myr"}
[2026-09-30T06:04:03] run_terminal_command {"command":"python \"C:\\Users\\DougJ\\Documents\\GitHub\\orbit_match\\tasks\\rebound_tau_ceti\\run_chunk.py\" C 200","description":"Benchmark moon IAS15 for 200 years"}
[2026-09-30T06:04:04] run_terminal_command {"command":"python \"C:\\Users\\DougJ\\Documents\\GitHub\\orbit_match\\tasks\\rebound_tau_ceti\\run_chunk.py\" A_megno 50000","description":"Smoke-test MEGNO on the outer system"}
[2026-09-30T06:04:49] read_file {"target_file":"C:\\Users\\DougJ\\Documents\\GitHub\\orbit_match\\tasks\\rebound_tau_ceti\\logs\\C.csv","limit":30}
[2026-09-30T06:04:51] get_command_or_subagent_output {"task_ids":["call-d9c594f6-4aa9-4fc2-8916-3a1b790fee01-42"],"timeout_ms":0}
[2026-09-30T06:06:06] run_terminal_command {"command":"python -c \"\nimport csv\nfrom pathlib import Path\np=Path(r'C:\\Users\\DougJ\\Documents\\GitHub\\orbit_match\\tasks\\rebound_tau_ceti\\logs')\nfor name in ['A.csv','C.csv']:\n    rows=list(csv.DictReader((p/name).open()))\n    print('==', name, 'nrows', len(rows), 't', rows[0]['t'], '->...
[2026-09-30T06:08:00] search_replace {"file_path":"C:\\Users\\DougJ\\Documents\\GitHub\\orbit_match\\tasks\\rebound_tau_ceti\\tau_ceti_model.py","old_string":"def build_moons(\n    phase: str = \"resonant\",\n    inc_deg: float = 0.0,\n    a_shudder: float | None = None,\n    anomalies: dict | None = None,\n    tune: bool = False,\n):"...
[2026-09-30T06:08:02] search_replace {"file_path":"C:\\Users\\DougJ\\Documents\\GitHub\\orbit_match\\tasks\\rebound_tau_ceti\\tau_ceti_model.py","old_string":"    if phase == \"resonant\":\n        m_sh, m_de = 0.0, 0.0\n        w_sh, w_de = 0.0, 0.0\n    elif phase == \"random\":\n        m_sh, m_de = random_moon_anomalies()\n        ...
[2026-09-30T06:08:03] search_replace {"file_path":"C:\\Users\\DougJ\\Documents\\GitHub\\orbit_match\\tasks\\rebound_tau_ceti\\tau_ceti_model.py","old_string":"    _add_planet(sim, \"croquet\", mass_msun(\"croquet\"), A_AU[\"croquet\"], 0.0, 0.0, anomalies[\"croquet\"], primary=star)\n    sim.move_to_com()\n    bodies = [\"sable\", \"ka...
[2026-09-30T06:08:04] search_replace {"file_path":"C:\\Users\\DougJ\\Documents\\GitHub\\orbit_match\\tasks\\rebound_tau_ceti\\run_chunk.py","old_string":"        model.configure_whfast(sim, dt)\n        return {\"integrator\": \"whfast\", \"dt\": dt, \"Pmin\": pmin, \"corrector\": 17, \"safe_mode\": 0}","new_string":"        model.conf...
[2026-09-30T06:08:06] search_replace {"file_path":"C:\\Users\\DougJ\\Documents\\GitHub\\orbit_match\\tasks\\rebound_tau_ceti\\run_chunk.py","old_string":"    if kind == \"moons\":\n        return model.build_moons(phase=cfg[\"phase\"], inc_deg=cfg[\"inc_deg\"], tune=cfg[\"tune\"])","new_string":"    if kind == \"moons\":\n        retur...
[2026-09-30T06:08:07] search_replace {"file_path":"C:\\Users\\DougJ\\Documents\\GitHub\\orbit_match\\tasks\\rebound_tau_ceti\\run_chunk.py","old_string":"    \"C_tilt\": dict(builder=\"moons\", phase=\"resonant\", inc_deg=12.0, tune=False, integrator=\"ias15\", target=1.0e4, check=0.1, archive=100.0, nsub=40),","new_string":"    \"C_ti...
[2026-09-30T06:08:11] read_file {"target_file":"C:\\Users\\DougJ\\Documents\\GitHub\\orbit_match\\tasks\\rebound_tau_ceti\\tau_ceti_model.py","offset":250,"limit":160}
[2026-09-30T06:08:29] search_replace {"file_path":"C:\\Users\\DougJ\\Documents\\GitHub\\orbit_match\\tasks\\rebound_tau_ceti\\run_chunk.py","old_string":"        vals[\"r_sh\"] = _body_distance(sim, \"shudder\", \"kakakiko\")\n        vals[\"r_der\"] = _body_distance(sim, \"der\", \"kakakiko\")\n        el_k = el[\"kakakiko\"]\n       ...
[2026-09-30T06:08:31] search_replace {"file_path":"C:\\Users\\DougJ\\Documents\\GitHub\\orbit_match\\tasks\\rebound_tau_ceti\\run_chunk.py","old_string":"    if meta[\"kind\"] in (\"moons\", \"trojan_der\"):\n        r_der = _body_distance(sim, \"der\", \"kakakiko\")","new_string":"    if meta[\"kind\"] in (\"moons\", \"trojan_der\") a...
[2026-09-30T06:08:40] search_replace {"file_path":"C:\\Users\\DougJ\\Documents\\GitHub\\orbit_match\\tasks\\rebound_tau_ceti\\run_chunk.py","old_string":"    outermost = max(meta[\"a0\"][n] for n in meta[\"bodies\"] if meta[\"primary\"][n] == \"star\")\n    # Trojan runs must not abort when one massless particle is scattered.\n    sim....
[2026-09-30T06:09:00] run_terminal_command {"command":"python \"C:\\Users\\DougJ\\Documents\\GitHub\\orbit_match\\tasks\\rebound_tau_ceti\\run_chunk.py\" A 30000000","description":"Continue outer system toward 30 Myr","block_until_ms":0}
[2026-09-30T06:09:02] run_terminal_command {"command":"python \"C:\\Users\\DougJ\\Documents\\GitHub\\orbit_match\\tasks\\rebound_tau_ceti\\run_chunk.py\" B 600000","description":"Start full eight-planet integration","block_until_ms":0}
[2026-09-30T06:09:03] run_terminal_command {"command":"python \"C:\\Users\\DougJ\\Documents\\GitHub\\orbit_match\\tasks\\rebound_tau_ceti\\run_chunk.py\" A_e05 20000000","description":"Start giant eccentricity 0.05 sensitivity run","block_until_ms":0}
[2026-09-30T06:09:04] run_terminal_command {"command":"python \"C:\\Users\\DougJ\\Documents\\GitHub\\orbit_match\\tasks\\rebound_tau_ceti\\run_chunk.py\" C_nudged 500","description":"Run nudged Shudder 2:1 moon case"}
[2026-09-30T06:09:06] run_terminal_command {"command":"python \"C:\\Users\\DougJ\\Documents\\GitHub\\orbit_match\\tasks\\rebound_tau_ceti\\run_chunk.py\" C_isolated 1000","description":"Integrate planet plus two moons only"}
[2026-09-30T06:09:07] run_terminal_command {"command":"python \"C:\\Users\\DougJ\\Documents\\GitHub\\orbit_match\\tasks\\rebound_tau_ceti\\run_chunk.py\" C_apo 1000","description":"Test conjunction-at-apocenter moon phase"}
[2026-09-30T06:09:08] run_terminal_command {"command":"python \"C:\\Users\\DougJ\\Documents\\GitHub\\orbit_match\\tasks\\rebound_tau_ceti\\run_chunk.py\" C_random 500","description":"Run moons with random mean anomalies"}
[2026-09-30T06:09:10] run_terminal_command {"command":"python \"C:\\Users\\DougJ\\Documents\\GitHub\\orbit_match\\tasks\\rebound_tau_ceti\\run_chunk.py\" C_tilt 500","description":"Run moons tilted 12 degrees to the orbit"}
[2026-09-30T06:09:39] run_terminal_command {"command":"python -c \"\nimport csv\nfrom pathlib import Path\nimport math\np=Path(r'C:\\Users\\DougJ\\Documents\\GitHub\\orbit_match\\tasks\\rebound_tau_ceti\\logs')\nfor name in ['C_isolated.csv','C_nudged.csv','C_apo.csv','C_random.csv','C_tilt.csv']:\n    rows=list(csv.DictReader((p/name).open(...
[2026-09-30T06:10:22] search_replace {"file_path":"C:\\Users\\DougJ\\Documents\\GitHub\\orbit_match\\tasks\\rebound_tau_ceti\\tau_ceti_model.py","old_string":"    moon_M: tuple[float, float] | None = None,\n    moon_omega: tuple[float, float] | None = None,\n    isolated: bool = False,\n):","new_string":"    moon_M: tuple[float, float]...
[2026-09-30T06:10:24] search_replace {"file_path":"C:\\Users\\DougJ\\Documents\\GitHub\\orbit_match\\tasks\\rebound_tau_ceti\\tau_ceti_model.py","old_string":"    a_s = A_AU[\"shudder\"] if a_shudder is None else float(a_shudder)\n    if tune:","new_string":"    a_s = A_AU[\"shudder\"] if a_shudder is None else float(a_shudder)\n    a_...
[2026-09-30T06:10:25] search_replace {"file_path":"C:\\Users\\DougJ\\Documents\\GitHub\\orbit_match\\tasks\\rebound_tau_ceti\\tau_ceti_model.py","old_string":"    if isolated:\n        sim.add(m=mass_msun(\"kakakiko\"), name=\"kakakiko\", x=0.0, y=0.0, z=0.0)\n    else:\n        sim.add(m=M_STAR, name=\"star\")\n        star = sim.part...
[2026-09-30T06:10:26] search_replace {"file_path":"C:\\Users\\DougJ\\Documents\\GitHub\\orbit_match\\tasks\\rebound_tau_ceti\\tau_ceti_model.py","old_string":"        A_AU[\"der\"],\n        E_DOC[\"der\"],","new_string":"        a_d,\n        E_DOC[\"der\"],"}
[2026-09-30T06:10:28] search_replace {"file_path":"C:\\Users\\DougJ\\Documents\\GitHub\\orbit_match\\tasks\\rebound_tau_ceti\\tau_ceti_model.py","old_string":"    if not isolated:\n        _add_planet(sim, \"croquet\", mass_msun(\"croquet\"), A_AU[\"croquet\"], 0.0, 0.0, anomalies[\"croquet\"], primary=star)","new_string":"    if not i...
[2026-09-30T06:10:29] search_replace {"file_path":"C:\\Users\\DougJ\\Documents\\GitHub\\orbit_match\\tasks\\rebound_tau_ceti\\tau_ceti_model.py","old_string":"        a0 = {\"shudder\": a_s, \"der\": A_AU[\"der\"]}","new_string":"        a0 = {\"shudder\": a_s, \"der\": a_d}"}
[2026-09-30T06:10:30] search_replace {"file_path":"C:\\Users\\DougJ\\Documents\\GitHub\\orbit_match\\tasks\\rebound_tau_ceti\\tau_ceti_model.py","old_string":"    if isolated:\n        bodies = [\"shudder\", \"der\"]\n        primary = {\"shudder\": \"kakakiko\", \"der\": \"kakakiko\"}\n        a0 = {\"shudder\": a_s, \"der\": a_d}\n  ...
[2026-09-30T06:10:35] read_file {"target_file":"C:\\Users\\DougJ\\Documents\\GitHub\\orbit_match\\tasks\\rebound_tau_ceti\\tau_ceti_model.py","offset":400,"limit":90}
[2026-09-30T06:11:00] search_replace {"file_path":"C:\\Users\\DougJ\\Documents\\GitHub\\orbit_match\\tasks\\rebound_tau_ceti\\run_chunk.py","old_string":"            isolated=cfg.get(\"isolated\", False),\n        )","new_string":"            isolated=cfg.get(\"isolated\", False),\n            companions=cfg.get(\"companions\", True),\...
[2026-09-30T06:11:01] search_replace {"file_path":"C:\\Users\\DougJ\\Documents\\GitHub\\orbit_match\\tasks\\rebound_tau_ceti\\run_chunk.py","old_string":"    \"C_isolated\": dict(builder=\"moons\", phase=\"resonant\", inc_deg=0.0, tune=False, isolated=True, integrator=\"ias15\", target=1.0e3, check=0.1, archive=50.0, nsub=40),","new_st...
[2026-09-30T06:11:03] search_replace {"file_path":"C:\\Users\\DougJ\\Documents\\GitHub\\orbit_match\\tasks\\rebound_tau_ceti\\moon_scan.py","new_string":"\"\"\"Suggestion scan: scale both moons inward, keeping the 2:1, and see\nwhether the star still breaks the resonance. Not a setting-doc value.\n\"\"\"\n\nimport math\nimport time\n\n...
[2026-09-30T06:11:21] search_replace {"file_path":"C:\\Users\\DougJ\\Documents\\GitHub\\orbit_match\\tasks\\rebound_tau_ceti\\moon_scan.py","old_string":"def main():\n    print(\"star+Kakakiko+moons, scaled a, resonant phase, up to\", YEARS, \"yr\")\n    for f in FACTORS:\n        print(run_one(f, companions=False), flush=True)\n    pr...
[2026-09-30T06:11:22] run_terminal_command {"command":"python \"C:\\Users\\DougJ\\Documents\\GitHub\\orbit_match\\tasks\\rebound_tau_ceti\\run_chunk.py\" C_star 2000","description":"Star plus Kakakiko plus moons, no other planets","block_until_ms":0}
[2026-09-30T06:11:23] run_terminal_command {"command":"python \"C:\\Users\\DougJ\\Documents\\GitHub\\orbit_match\\tasks\\rebound_tau_ceti\\run_chunk.py\" C_isolated 40000","description":"Extend isolated moon pair toward 40 kyr","block_until_ms":0}
[2026-09-30T06:11:25] run_terminal_command {"command":"python \"C:\\Users\\DougJ\\Documents\\GitHub\\orbit_match\\tasks\\rebound_tau_ceti\\moon_scan.py\"","description":"Scan closer moon orbits for stellar survival","block_until_ms":0}
[2026-09-30T06:11:26] get_command_or_subagent_output {"task_ids":["01a0f1ca-1f34-7b81-be15-ea61be2e2fdf","01a0f1ca-1f39-7c21-8291-e20837f9edc5","01a0f1ca-1f3e-7481-896e-f37fccd9463f"],"timeout_ms":0}
[2026-09-30T06:12:32] search_replace {"file_path":"C:\\Users\\DougJ\\Documents\\GitHub\\orbit_match\\tasks\\rebound_tau_ceti\\analyze.py","new_string":"\"\"\"Plot and summarize Tau Ceti REBOUND logs. Reads logs/, writes plots/.\"\"\"\n\nfrom __future__ import annotations\n\nimport csv\nimport json\nimport math\nfrom pathlib import Path...
[2026-09-30T06:12:33] run_terminal_command {"command":"python \"C:\\Users\\DougJ\\Documents\\GitHub\\orbit_match\\tasks\\rebound_tau_ceti\\run_chunk.py\" A_cue15 20000000","description":"Start Cue Ball 1.5x mass sensitivity run","block_until_ms":0}
[2026-09-30T06:12:34] run_terminal_command {"command":"python \"C:\\Users\\DougJ\\Documents\\GitHub\\orbit_match\\tasks\\rebound_tau_ceti\\run_chunk.py\" A_megno 300000","description":"Start outer-system MEGNO integration","block_until_ms":0}
[2026-09-30T06:12:36] run_terminal_command {"command":"python \"C:\\Users\\DougJ\\Documents\\GitHub\\orbit_match\\tasks\\rebound_tau_ceti\\run_chunk.py\" D_croquet 500000","description":"Start Croquet Ball Trojan cloud integration","block_until_ms":0}
[2026-09-30T06:12:46] get_command_or_subagent_output {"task_ids":["01a0f1ca-1f39-7c21-8291-e20837f9edc5","01a0f1cc-3314-7311-b5b7-d398a925910b","01a0f1cc-331e-7f71-9ad1-a9f97db573c4","01a0f1cc-3319-7c42-8d82-3a30e92852ee"],"timeout_ms":0}
[2026-09-30T06:13:24] search_replace {"file_path":"C:\\Users\\DougJ\\Documents\\GitHub\\orbit_match\\tasks\\rebound_tau_ceti\\run_chunk.py","old_string":"    if status.get(\"stop_reason\") not in (\"running\", \"wall_limit\", \"chunk_done\"):\n        print(f\"ALREADY STOPPED {run_id} reason={status['stop_reason']} {status.get('stop_de...
[2026-09-30T06:13:25] search_replace {"file_path":"C:\\Users\\DougJ\\Documents\\GitHub\\orbit_match\\tasks\\rebound_tau_ceti\\moon_scan.py","old_string":"FACTORS = (1.0, 0.85, 0.70, 0.55, 0.45, 0.35)\nYEARS = 300.0","new_string":"FACTORS = (0.65, 0.62, 0.60, 0.58, 0.55)\nYEARS = 2000.0"}
[2026-09-30T06:13:27] search_replace {"file_path":"C:\\Users\\DougJ\\Documents\\GitHub\\orbit_match\\tasks\\rebound_tau_ceti\\moon_scan.py","old_string":"    print(\"--- full companions at a couple of scales ---\")\n    for f in (0.55, 0.45, 0.35):","new_string":"    print(\"--- full companions at the most distant survivor ---\")\n    ...
[2026-09-30T06:13:28] run_terminal_command {"command":"python -c \"\nimport csv\nfrom pathlib import Path\nimport numpy as np\np=Path(r'C:\\Users\\DougJ\\Documents\\GitHub\\orbit_match\\tasks\\rebound_tau_ceti\\logs\\B.csv')\nrows=list(csv.DictReader(p.open()))\ne=np.array([float(r['e_kakakiko']) for r in rows])\nt=np.array([float(r['t']) fo...
[2026-09-30T06:13:44] read_file {"target_file":"C:\\Users\\DougJ\\Documents\\GitHub\\orbit_match\\tasks\\rebound_tau_ceti\\run_chunk.py","offset":555,"limit":40}
[2026-09-30T06:14:03] run_terminal_command {"command":"python \"C:\\Users\\DougJ\\Documents\\GitHub\\orbit_match\\tasks\\rebound_tau_ceti\\run_chunk.py\" B 1600000","description":"Continue full planetary system past 600 kyr","block_until_ms":0}
[2026-09-30T06:14:04] run_terminal_command {"command":"python \"C:\\Users\\DougJ\\Documents\\GitHub\\orbit_match\\tasks\\rebound_tau_ceti\\run_chunk.py\" B_sable01 1000000","description":"Integrate full system with Sable e=0.1","block_until_ms":0}
[2026-09-30T06:14:06] run_terminal_command {"command":"python \"C:\\Users\\DougJ\\Documents\\GitHub\\orbit_match\\tasks\\rebound_tau_ceti\\run_chunk.py\" C_isolated 20000","description":"Extend isolated moon resonance past 1 kyr","block_until_ms":0}
[2026-09-30T06:14:07] run_terminal_command {"command":"python \"C:\\Users\\DougJ\\Documents\\GitHub\\orbit_match\\tasks\\rebound_tau_ceti\\moon_scan.py\"","description":"Bracket the moon semi-major axis that survives the star","block_until_ms":0}
[2026-09-30T06:14:09] run_terminal_command {"command":"python -c \"\nimport csv, math\nfrom pathlib import Path\nimport numpy as np\nrows=list(csv.DictReader(open(r'C:\\Users\\DougJ\\Documents\\GitHub\\orbit_match\\tasks\\rebound_tau_ceti\\logs\\B.csv',encoding='utf-8')))\nt=np.array([float(r['t']) for r in rows])\ne=np.array([float(r['e_kak...
[2026-09-30T06:15:36] run_terminal_command {"command":"python -c \"\nimport csv\nfrom pathlib import Path\nrows=list(csv.DictReader(open(r'C:\\Users\\DougJ\\Documents\\GitHub\\orbit_match\\tasks\\rebound_tau_ceti\\logs\\B.csv',encoding='utf-8')))\nprint('B e samples')\nfor r in rows[::100]:\n    print(f\\\"  t={float(r['t']):10.0f} eK={float...
[2026-09-30T06:18:53] read_file {"target_file":"C:\\Users\\DougJ\\.grok\\bundled\\skills\\long-running-background-tasks\\SKILL.md","limit":80}
[2026-09-30T06:18:53] DENY Reading secrets/.git internals/.grok config is forbidden.
[2026-09-30T06:18:55] get_command_or_subagent_output {"task_ids":["01a0f1ca-1f34-7b81-be15-ea61be2e2fdf","01a0f1ca-1f3e-7481-896e-f37fccd9463f","01a0f1cd-43cd-73e0-92ee-da4a8f3fab9a","01a0f1cd-43d2-7543-901a-8536f489ac6c","01a0f1cd-43d7-7742-a0fe-c3f41f5e96f9","01a0f1ce-ae36-7641-92e4-2792df86d5f0","01a0f1ce-b653-74a3-a898-05712fcdf624","01a0f1ce-eff1...
[2026-09-30T06:19:18] grep {"pattern":"def _row|fieldnames|writerow|croquet_L4|phi1|def summarize|COLUMNS|header","path":"C:\\Users\\DougJ\\Documents\\GitHub\\orbit_match\\tasks\\rebound_tau_ceti","glob":"*.py"}
[2026-09-30T06:19:19] list_dir {"target_directory":"C:\\Users\\DougJ\\Documents\\GitHub\\orbit_match\\tasks\\rebound_tau_ceti\\logs"}
[2026-09-30T06:19:24] read_file {"target_file":"C:\\Users\\DougJ\\Documents\\GitHub\\orbit_match\\tasks\\rebound_tau_ceti\\run_chunk.py","offset":100,"limit":80}
[2026-09-30T06:19:25] read_file {"target_file":"C:\\Users\\DougJ\\Documents\\GitHub\\orbit_match\\tasks\\rebound_tau_ceti\\analyze.py","offset":180,"limit":180}
[2026-09-30T06:19:27] grep {"pattern":"trojan|libration|phi_eq|frames|testparticle|L4","path":"C:\\Users\\DougJ\\Documents\\GitHub\\orbit_match\\tasks\\rebound_tau_ceti\\run_chunk.py"}
[2026-09-30T06:19:37] read_file {"target_file":"C:\\Users\\DougJ\\Documents\\GitHub\\orbit_match\\tasks\\rebound_tau_ceti\\run_chunk.py","offset":1,"limit":70}
[2026-09-30T06:19:39] read_file {"target_file":"C:\\Users\\DougJ\\Documents\\GitHub\\orbit_match\\tasks\\rebound_tau_ceti\\run_chunk.py","offset":500,"limit":90}
[2026-09-30T06:20:06] search_replace {"file_path":"C:\\Users\\DougJ\\Documents\\GitHub\\orbit_match\\tasks\\rebound_tau_ceti\\stats_snapshot.py","new_string":"\"\"\"Print compact ranges from the logs that already exist. Read-only.\"\"\"\n\nfrom __future__ import annotations\n\nimport csv\nimport json\nfrom pathlib import Path\n\nimport...
[2026-09-30T06:20:07] run_terminal_command {"command":"python \"C:\\Users\\DougJ\\Documents\\GitHub\\orbit_match\\tasks\\rebound_tau_ceti\\run_chunk.py\" A 40000000","description":"Resume outer-system run A toward 100 Myr","block_until_ms":0}
[2026-09-30T06:20:09] run_terminal_command {"command":"python \"C:\\Users\\DougJ\\Documents\\GitHub\\orbit_match\\tasks\\rebound_tau_ceti\\run_chunk.py\" C_isolated 40000","description":"Extend isolated moon integration toward 50 kyr","block_until_ms":0}
[2026-09-30T06:20:10] run_terminal_command {"command":"python \"C:\\Users\\DougJ\\Documents\\GitHub\\orbit_match\\tasks\\rebound_tau_ceti\\run_chunk.py\" D_der 10000","description":"Integrate Kakakiko-Der Trojan clouds","block_until_ms":0}
[2026-09-30T06:20:21] run_terminal_command {"command":"python \"C:\\Users\\DougJ\\Documents\\GitHub\\orbit_match\\tasks\\rebound_tau_ceti\\stats_snapshot.py\"","description":"Summarize finished integration logs","block_until_ms":60000}
[2026-09-30T06:20:23] get_command_or_subagent_output {"task_ids":["01a0f1cd-43cd-73e0-92ee-da4a8f3fab9a","01a0f1ce-b653-74a3-a898-05712fcdf624","01a0f1d4-31a9-7881-b475-7d4a08a2fa2d"],"timeout_ms":90000}
[2026-09-30T06:21:15] run_terminal_command {"command":"python \"C:\\Users\\DougJ\\Documents\\GitHub\\orbit_match\\tasks\\rebound_tau_ceti\\run_chunk.py\" B_sable005 1000000","description":"Start Sable e=0.05 full-system integration","block_until_ms":0}
[2026-09-30T06:21:16] run_terminal_command {"command":"python \"C:\\Users\\DougJ\\Documents\\GitHub\\orbit_match\\tasks\\rebound_tau_ceti\\run_chunk.py\" B_sable01 1000000","description":"Extend Sable e=0.1 run toward 2 Myr","block_until_ms":0}
[2026-09-30T06:21:18] run_terminal_command {"command":"python \"C:\\Users\\DougJ\\Documents\\GitHub\\orbit_match\\tasks\\rebound_tau_ceti\\run_chunk.py\" D_croquet 2000000","description":"Extend Croquet Trojan clouds by 2 Myr","block_until_ms":0}
[2026-09-30T06:21:19] read_file {"target_file":"C:\\Users\\DougJ\\Documents\\GitHub\\orbit_match\\tasks\\rebound_tau_ceti\\tau_ceti_model.py","offset":1,"limit":250}
[2026-09-30T06:21:41] get_command_or_subagent_output {"task_ids":["01a0f1cd-43d2-7543-901a-8536f489ac6c"],"timeout_ms":0}
[2026-09-30T06:22:05] grep {"pattern":"Draft v2\\.|0\\.78|0\\.0396|2:1|mutual Hill|13 M|Tumbleweed|12┬░","path":"F:\\Dropbox\\Projects\\Turquenish\\systems\\tauCet\\Tau_Cet_system_v2.md","head_limit":40}
[2026-09-30T06:22:26] read_file {"target_file":"C:\\Users\\DougJ\\Documents\\GitHub\\orbit_match\\tasks\\rebound_tau_ceti\\run_chunk.py","offset":190,"limit":120}
[2026-09-30T06:22:42] get_command_or_subagent_output {"task_ids":["01a0f1ce-ae36-7641-92e4-2792df86d5f0"],"timeout_ms":0}
[2026-09-30T06:22:44] read_file {"target_file":"F:\\Dropbox\\Projects\\Turquenish\\systems\\tauCet\\Tau_Cet_system_v2.md","offset":600,"limit":20}
[2026-09-30T06:22:45] read_file {"target_file":"F:\\Dropbox\\Projects\\Turquenish\\systems\\tauCet\\Tau_Cet_system_v2.md","offset":730,"limit":30}
[2026-09-30T06:22:47] run_terminal_command {"command":"python \"C:\\Users\\DougJ\\Documents\\GitHub\\orbit_match\\tasks\\rebound_tau_ceti\\run_chunk.py\" A_megno 700000","description":"Continue outer-system MEGNO toward 1 Myr","block_until_ms":0}
[2026-09-30T06:23:35] read_file {"target_file":"C:\\Users\\DougJ\\Documents\\GitHub\\orbit_match\\tasks\\rebound_tau_ceti\\moon_scan.py"}
[2026-09-30T06:23:48] read_file {"target_file":"C:\\Users\\DougJ\\Documents\\GitHub\\orbit_match\\tasks\\rebound_tau_ceti\\tau_ceti_model.py","offset":320,"limit":120}
[2026-09-30T06:24:09] get_command_or_subagent_output {"task_ids":["01a0f1d4-31a3-7af0-b971-c474aa46b039"],"timeout_ms":0}
[2026-09-30T06:24:10] search_replace {"file_path":"C:\\Users\\DougJ\\Documents\\GitHub\\orbit_match\\tasks\\rebound_tau_ceti\\moon_long.py","new_string":"\"\"\"Suggestion only: both moons at 0.60 of the published semi-major axes.\n\nKeeps the 2:1 period ratio and the resonant phase (conjunction at Shudder\nperigee). Integrates star + S...
[2026-09-30T06:24:51] run_terminal_command {"command":"python \"C:\\Users\\DougJ\\Documents\\GitHub\\orbit_match\\tasks\\rebound_tau_ceti\\run_chunk.py\" B 3000000","description":"Continue full planetary system toward 5 Myr","block_until_ms":0}
[2026-09-30T06:24:53] run_terminal_command {"command":"python \"C:\\Users\\DougJ\\Documents\\GitHub\\orbit_match\\tasks\\rebound_tau_ceti\\moon_long.py\"","description":"Integrate suggested 0.60-scale moons for 20 kyr","block_until_ms":0}
[2026-09-30T06:24:54] search_replace {"file_path":"C:\\Users\\DougJ\\Documents\\GitHub\\orbit_match\\tasks\\rebound_tau_ceti\\digest.py","new_string":"\"\"\"One-shot numbers for the report. Reads closed logs only.\"\"\"\n\nfrom __future__ import annotations\n\nimport csv\nimport math\nfrom pathlib import Path\n\nimport numpy as np\n\ni...
[2026-09-30T06:25:40] search_replace {"file_path":"C:\\Users\\DougJ\\Documents\\GitHub\\orbit_match\\tasks\\rebound_tau_ceti\\digest.py","old_string":"    for run_id in (\"B\", \"B_sable01\"):","new_string":"    for run_id in (\"B\",):"}
[2026-09-30T06:25:57] run_terminal_command {"command":"python \"C:\\Users\\DougJ\\Documents\\GitHub\\orbit_match\\tasks\\rebound_tau_ceti\\digest.py\"","description":"Compute secular periods and moon angle stats","block_until_ms":120000}
[2026-09-30T06:27:38] get_command_or_subagent_output {"task_ids":["01a0f1d4-31a1-7b53-9634-d47d54ec6b23","01a0f1d5-3f22-7ad1-bd0c-917ae6e12baa","01a0f1d5-3f24-7753-9959-1e2016e9f1e5","01a0f1d5-3f2a-7e60-84f9-31ad7c600542"],"timeout_ms":280000}
[2026-09-30T06:27:39] grep {"pattern":"\"fate\"|\"group\"","path":"C:\\Users\\DougJ\\Documents\\GitHub\\orbit_match\\tasks\\rebound_tau_ceti\\logs\\D_der.json","head_limit":30}
[2026-09-30T06:29:52] search_replace {"file_path":"C:\\Users\\DougJ\\Documents\\GitHub\\orbit_match\\tasks\\rebound_tau_ceti\\digest.py","old_string":"    for run_id in (\"B\",):\n        data = load(run_id)\n        period, mean, lo, hi, dt, n = fft_period(data[\"t\"], data[\"e_kakakiko\"])\n        print(f\"{run_id} e_kak fft_period_...
[2026-09-30T06:29:53] search_replace {"file_path":"C:\\Users\\DougJ\\Documents\\GitHub\\orbit_match\\tasks\\rebound_tau_ceti\\digest.py","old_string":"    print(f\"A_e05 e_eight fft {period:.1f} {lo:.5f} {hi:.5f}\")","new_string":"    print(f\"A_e05 e_eight fft {period:.1f} {lo:.5f} {hi:.5f}\")\n\n    dc = load(\"D_croquet\")\n    prin...
[2026-09-30T06:29:55] run_terminal_command {"command":"python \"C:\\Users\\DougJ\\Documents\\GitHub\\orbit_match\\tasks\\rebound_tau_ceti\\run_chunk.py\" A 50000000","description":"Resume outer system A from 55 Myr toward 100","block_until_ms":0}
[2026-09-30T06:29:56] run_terminal_command {"command":"python \"C:\\Users\\DougJ\\Documents\\GitHub\\orbit_match\\tasks\\rebound_tau_ceti\\run_chunk.py\" D_croquet 3000000","description":"Extend Croquet Trojans past 2.5 Myr","block_until_ms":0}
[2026-09-30T06:29:57] run_terminal_command {"command":"python \"C:\\Users\\DougJ\\Documents\\GitHub\\orbit_match\\tasks\\rebound_tau_ceti\\run_chunk.py\" B_sable005 1000000","description":"Extend Sable e=0.05 run toward 2 Myr","block_until_ms":0}
[2026-09-30T06:30:43] read_file {"target_file":"C:\\Users\\DougJ\\Documents\\GitHub\\orbit_match\\tasks\\rebound_tau_ceti\\run_chunk.py","offset":360,"limit":50}
[2026-09-30T06:31:31] search_replace {"file_path":"C:\\Users\\DougJ\\Documents\\GitHub\\orbit_match\\tasks\\rebound_tau_ceti\\analyze.py","old_string":"def plot_ae(data, names, title, fname, ylabel_a=\"a (AU)\"):\n    idx = thin(data[\"t\"])\n    t = data[\"t\"][idx]\n    fig, axes = plt.subplots(2, 1, figsize=(9, 6), sharex=True)\n   ...
[2026-09-30T06:31:33] get_command_or_subagent_output {"task_ids":["01a0f1d6-958f-71d2-a883-f9eeb0228135","01a0f1d8-af88-7a02-bd59-5c545afebd67","01a0f1d8-878e-7ab3-90e9-c660e44dc707"],"timeout_ms":240000}
[2026-09-30T06:33:39] run_terminal_command {"command":"python \"C:\\Users\\DougJ\\Documents\\GitHub\\orbit_match\\tasks\\rebound_tau_ceti\\run_chunk.py\" A_megno 500000","description":"Finish outer-system MEGNO through 1 Myr","block_until_ms":0}
[2026-09-30T06:33:40] search_replace {"file_path":"C:\\Users\\DougJ\\Documents\\GitHub\\orbit_match\\tasks\\rebound_tau_ceti\\digest.py","old_string":"    dc = load(\"D_croquet\")","new_string":"    am = load(\"A_megno\")\n    print(\n        f\"A_megno t {am['t'][-1]:.6g} megno last {am['megno'][-1]:.6g} \"\n        f\"min {np.nanmin(...
[2026-09-30T06:33:45] read_file {"target_file":"C:\\Users\\DougJ\\Documents\\GitHub\\orbit_match\\tasks\\rebound_tau_ceti\\digest.py","offset":140,"limit":40}
[2026-09-30T06:33:55] search_replace {"file_path":"C:\\Users\\DougJ\\Documents\\GitHub\\orbit_match\\tasks\\rebound_tau_ceti\\digest.py","old_string":"    dc = load(\"D_croquet\")\n    print(\n        f\"D_croquet t {dc['t'][-1]:.6g} tad {dc['tp_tadpole'][-1]} horse {dc['tp_horseshoe'][-1]} \"\n        f\"lost {dc['tp_lost'][-1]} amp_m...
[2026-09-30T06:33:56] run_terminal_command {"command":"python \"C:\\Users\\DougJ\\Documents\\GitHub\\orbit_match\\tasks\\rebound_tau_ceti\\digest.py\"","description":"Recompute secular periods and MEGNO summary","block_until_ms":120000}
[2026-09-30T06:34:32] search_replace {"file_path":"C:\\Users\\DougJ\\Documents\\GitHub\\orbit_match\\tasks\\rebound_tau_ceti\\phi2_check.py","new_string":"\"\"\"How phi2 moves in the isolated moon run. Read-only.\"\"\"\n\nimport math\nfrom pathlib import Path\n\nimport numpy as np\n\nfrom digest import load\n\ndata = load(\"C_isolated\...
[2026-09-30T06:34:33] run_terminal_command {"command":"python \"C:\\Users\\DougJ\\Documents\\GitHub\\orbit_match\\tasks\\rebound_tau_ceti\\run_chunk.py\" B 2000000","description":"Continue full system B toward 5 Myr","block_until_ms":0}
[2026-09-30T06:34:34] run_terminal_command {"command":"python \"C:\\Users\\DougJ\\Documents\\GitHub\\orbit_match\\tasks\\rebound_tau_ceti\\phi2_check.py\"","description":"Measure whether phi2 circulates in the isolated moons","block_until_ms":90000}
[2026-09-30T06:35:03] search_replace {"file_path":"C:\\Users\\DougJ\\Documents\\GitHub\\orbit_match\\tasks\\rebound_tau_ceti\\phi2_check.py","old_string":"data = load(\"C_isolated\")\nphi = data[\"phi2\"]\nphi = phi[np.isfinite(phi)]\n# Unwrap and measure net drift.\nunw = np.unwrap(phi)\nnet = float(unw[-1] - unw[0])\nspan = float(np....
[2026-09-30T06:35:06] run_terminal_command {"command":"python \"C:\\Users\\DougJ\\Documents\\GitHub\\orbit_match\\tasks\\rebound_tau_ceti\\phi2_check.py\"","description":"Measure apsidal difference of the isolated moons","block_until_ms":90000}
[2026-09-30T06:35:27] search_replace {"file_path":"C:\\Users\\DougJ\\Documents\\GitHub\\orbit_match\\tasks\\rebound_tau_ceti\\phi_cadence.py","new_string":"\"\"\"High-cadence sample of the isolated doc moons, to resolve phi2.\n\nSame initial conditions as C_isolated. 200 years is long enough to see\nwhether phi2 librates or circulates,...
[2026-09-30T06:35:32] run_terminal_command {"command":"python \"C:\\Users\\DougJ\\Documents\\GitHub\\orbit_match\\tasks\\rebound_tau_ceti\\phi_cadence.py\"","description":"Sample isolated-moon resonant angles at high cadence","block_until_ms":180000}
[2026-09-30T06:35:54] run_terminal_command {"command":"Get-ChildItem -Path \"C:\\Users\\DougJ\\Documents\\GitHub\\orbit_match\\tasks\\rebound_tau_ceti\\archives\",\"C:\\Users\\DougJ\\Documents\\GitHub\\orbit_match\\tasks\\rebound_tau_ceti\\logs\" -Recurse -File | Measure-Object -Property Length -Sum | Select-Object Count,Sum","description":"...
[2026-09-30T06:35:55] get_command_or_subagent_output {"task_ids":["01a0f1dd-28a3-71d1-93d9-45ae8be2ed22","01a0f1dd-28a8-78e2-9d09-618ce14b736d","01a0f1dd-28aa-7b71-af35-27c17764b9de"],"timeout_ms":200000}
[2026-09-30T06:38:41] search_replace {"file_path":"C:\\Users\\DougJ\\Documents\\GitHub\\orbit_match\\tasks\\rebound_tau_ceti\\final_stats.py","new_string":"\"\"\"Ranges for runs that are not being written right now.\"\"\"\n\nimport json\nimport math\nfrom pathlib import Path\n\nimport numpy as np\n\nfrom digest import fft_period, load\...
[2026-09-30T06:38:56] run_terminal_command {"command":"python \"C:\\Users\\DougJ\\Documents\\GitHub\\orbit_match\\tasks\\rebound_tau_ceti\\final_stats.py\"","description":"Record ranges for A, Sable e=0.05, and Croquet Trojans","block_until_ms":120000}
[2026-09-30T06:39:16] run_terminal_command {"command":"python \"C:\\Users\\DougJ\\Documents\\GitHub\\orbit_match\\tasks\\rebound_tau_ceti\\run_chunk.py\" A 20000000","description":"Finish outer-system run A at 100 Myr","block_until_ms":0}
[2026-09-30T06:39:23] read_file {"target_file":"C:\\Users\\DougJ\\Documents\\GitHub\\orbit_match\\tasks\\rebound_tau_ceti\\tau_ceti_model.py","offset":520,"limit":120}
[2026-09-30T06:39:24] read_file {"target_file":"C:\\Users\\DougJ\\Documents\\GitHub\\orbit_match\\tasks\\rebound_tau_ceti\\logs\\A.json","limit":80}
[2026-09-30T06:39:25] read_file {"target_file":"C:\\Users\\DougJ\\Documents\\GitHub\\orbit_match\\tasks\\rebound_tau_ceti\\logs\\C.json","limit":40}
[2026-09-30T06:39:38] run_terminal_command {"command":"python \"C:\\Users\\DougJ\\Documents\\GitHub\\orbit_match\\tasks\\rebound_tau_ceti\\tau_ceti_model.py\"","description":"Print initial-condition self-check numbers","block_until_ms":60000}
[2026-09-30T06:39:39] get_command_or_subagent_output {"task_ids":["01a0f1e5-ada4-75e3-bf96-8a52e52d10d3","01a0f1e0-8fab-7261-bc2a-61b219f4cbf1","01a0f1e1-62e5-7471-980e-b8d67c8501c5"],"timeout_ms":420000}
[2026-09-30T06:45:20] run_terminal_command {"command":"python \"C:\\Users\\DougJ\\Documents\\GitHub\\orbit_match\\tasks\\rebound_tau_ceti\\run_chunk.py\" A_megno 100000","description":"Finish MEGNO from 944 kyr to 1 Myr","block_until_ms":0}
[2026-09-30T06:45:21] search_replace {"file_path":"C:\\Users\\DougJ\\Documents\\GitHub\\orbit_match\\tasks\\rebound_tau_ceti\\ranges_end.py","new_string":"\"\"\"Final ranges for the closed 100 Myr and 5 Myr runs.\"\"\"\n\nimport numpy as np\n\nfrom digest import fft_period, load\n\nfor run_id in (\"A\", \"B\"):\n    data = load(run_id)...
[2026-09-30T06:45:36] run_terminal_command {"command":"python \"C:\\Users\\DougJ\\Documents\\GitHub\\orbit_match\\tasks\\rebound_tau_ceti\\ranges_end.py\"","description":"Final element ranges for runs A and B","block_until_ms":120000}
[2026-09-30T06:46:57] get_command_or_subagent_output {"task_ids":["01a0f1eb-3fdf-7362-a1e2-707872c59fa4"],"timeout_ms":150000}
[2026-09-30T06:47:04] run_terminal_command {"command":"python \"C:\\Users\\DougJ\\Documents\\GitHub\\orbit_match\\tasks\\rebound_tau_ceti\\analyze.py\"","description":"Write stability plots and print run summaries","block_until_ms":240000}
[2026-09-30T06:48:05] read_file {"target_file":"C:\\Users\\DougJ\\Documents\\GitHub\\orbit_match\\tasks\\rebound_tau_ceti\\plots\\B_kakakiko_e.png"}
[2026-09-30T06:48:07] read_file {"target_file":"C:\\Users\\DougJ\\Documents\\GitHub\\orbit_match\\tasks\\rebound_tau_ceti\\plots\\D_croquet_corot.png"}
[2026-09-30T06:48:08] read_file {"target_file":"C:\\Users\\DougJ\\Documents\\GitHub\\orbit_match\\tasks\\rebound_tau_ceti\\plots\\A_megno.png"}
[2026-09-30T06:48:09] read_file {"target_file":"C:\\Users\\DougJ\\Documents\\GitHub\\orbit_match\\tasks\\rebound_tau_ceti\\plots\\C_isolated_angles.png"}
[2026-09-30T06:49:19] run_terminal_command {"command":"Get-ChildItem -Path \"C:\\Users\\DougJ\\Documents\\GitHub\\orbit_match\\tasks\\rebound_tau_ceti\\archives\",\"C:\\Users\\DougJ\\Documents\\GitHub\\orbit_match\\tasks\\rebound_tau_ceti\\logs\",\"C:\\Users\\DougJ\\Documents\\GitHub\\orbit_match\\tasks\\rebound_tau_ceti\\plots\" -Recurse -F...
[2026-09-30T06:50:46] get_command_or_subagent_output {"task_ids":["01a0f1cc-331e-7f71-9ad1-a9f97db573c4"],"timeout_ms":0}
[2026-09-30T06:50:52] read_file {"target_file":"C:\\Users\\DougJ\\.grok\\sessions\\C%3A%5CUsers%5CDougJ%5CDocuments%5CGitHub%5Corbit_match\\a0754103-10fa-469e-8983-ec6f1ec5a306\\terminal\\call-eaa542a9-653f-4493-91d6-b521ea6900a7-81.log"}
[2026-09-30T06:50:53] DENY Reading secrets/.git internals/.grok config is forbidden.
[2026-09-30T06:53:54] search_replace {"file_path":"C:\\Users\\DougJ\\Documents\\GitHub\\orbit_match\\tasks\\rebound_tau_ceti\\Tau_Cet_rebound_stability_20260930.md","new_string":"# Tau Ceti REBOUND stability check\n\nRun date 2026-09-30. REBOUND 5.2.1, matplotlib 3.11.2, numpy 2.5.2, Python 3.13. Setting doc Draft v2.40, read only. Thi...
[2026-09-30T06:54:02] grep {"pattern":"\\]\\(plots/","path":"C:\\Users\\DougJ\\Documents\\GitHub\\orbit_match\\tasks\\rebound_tau_ceti\\Tau_Cet_rebound_stability_20260930.md"}
[2026-09-30T06:54:06] read_file {"target_file":"C:\\Users\\DougJ\\Documents\\GitHub\\orbit_match\\tasks\\rebound_tau_ceti\\Tau_Cet_rebound_stability_20260930.md"}
[2026-09-30T06:54:49] grep {"pattern":"\\(pending\\)","path":"C:\\Users\\DougJ\\Documents\\GitHub\\orbit_match\\tasks\\rebound_tau_ceti\\Tau_Cet_rebound_stability_20260930.md"}
[2026-09-30T06:55:16] search_replace {"file_path":"C:\\Users\\DougJ\\Documents\\GitHub\\orbit_match\\tasks\\rebound_tau_ceti\\make_dropbox_copy.py","new_string":"\"\"\"Rewrite plot links to absolute paths. Writes only inside this folder.\"\"\"\n\nfrom pathlib import Path\n\nroot = Path(__file__).resolve().parent\nsrc = root / \"Tau_Cet...
[2026-09-30T06:55:20] run_terminal_command {"command":"python \"C:\\Users\\DougJ\\Documents\\GitHub\\orbit_match\\tasks\\rebound_tau_ceti\\make_dropbox_copy.py\"","description":"Build Dropbox report text with absolute plot links"}
[2026-09-30T06:55:26] read_file {"target_file":"C:\\Users\\DougJ\\Documents\\GitHub\\orbit_match\\tasks\\rebound_tau_ceti\\for_dropbox.md","offset":1,"limit":5}
[2026-09-30T06:55:27] read_file {"target_file":"C:\\Users\\DougJ\\Documents\\GitHub\\orbit_match\\tasks\\rebound_tau_ceti\\for_dropbox.md","offset":75,"limit":10}
[2026-09-30T06:55:29] read_file {"target_file":"C:\\Users\\DougJ\\Documents\\GitHub\\orbit_match\\tasks\\rebound_tau_ceti\\for_dropbox.md","offset":285,"limit":10}
[2026-09-30T06:55:37] read_file {"target_file":"C:\\Users\\DougJ\\Documents\\GitHub\\orbit_match\\tasks\\rebound_tau_ceti\\for_dropbox.md"}
[2026-09-30T06:58:57] read_file {"target_file":"C:\\Users\\DougJ\\Documents\\GitHub\\orbit_match\\tasks\\rebound_tau_ceti\\for_dropbox.md"}
[2026-09-30T07:00:51] write {"file_path":"F:\\Dropbox\\Projects\\Turquenish\\review\\Tau_Cet_rebound_stability_20260930.md","content":"# Tau Ceti REBOUND stability check\n\nRun date 2026-09-30. REBOUND 5.2.1, matplotlib 3.11.2, numpy 2.5.2, Python 3.13. Setting doc Draft v2.40, read only. This report does not change that doc.\...
[2026-09-30T07:00:56] grep {"pattern":"\\(pending\\)","path":"F:\\Dropbox\\Projects\\Turquenish\\review\\Tau_Cet_rebound_stability_20260930.md"}
[2026-09-30T07:00:57] read_file {"target_file":"F:\\Dropbox\\Projects\\Turquenish\\review\\Tau_Cet_rebound_stability_20260930.md","offset":285,"limit":10}
